<?xml version="1.0" encoding="UTF-8"?>
<TestRun id="91f63dd8-461a-4d01-b1a2-c1ae3ca613bc" name="Maverick@ZVER 2013-03-17 10:01:53" runUser="ZVER\Maverick" xmlns="http://microsoft.com/schemas/VisualStudio/TeamTest/2010">
  <TestSettings name="Параметры тестирования по умолчанию" id="5427e4c4-72e8-4d08-8d15-a46645f61075">
    <Execution>
      <TestTypeSpecific />
      <AgentRule name="Execution Agents">
      </AgentRule>
    </Execution>
    <Deployment runDeploymentRoot="Maverick_ZVER 2013-03-17 10_01_53" />
  </TestSettings>
  <Times creation="2013-03-17T10:01:53.6219690+07:00" queuing="2013-03-17T10:01:53.8577562+07:00" start="2013-03-17T10:01:53.9184191+07:00" finish="2013-03-17T10:01:54.1992681+07:00" />
  <ResultSummary outcome="Failed">
    <Counters total="5" executed="5" passed="4" error="0" failed="1" timeout="0" aborted="0" inconclusive="0" passedButRunAborted="0" notRunnable="0" notExecuted="0" disconnected="0" warning="0" completed="0" inProgress="0" pending="0" />
  </ResultSummary>
  <TestDefinitions>
    <UnitTest name="TestCaesarDecrypt" storage="myfirsttest\bin\release\myfirsttest.dll" id="ad17cc18-c559-4e9b-4092-ab23991aca01">
      <Execution id="afe95ba8-9d5f-4561-99f6-1dc16953d8e7" />
      <TestMethod codeBase="D:/Учеба/Магистратура/2 семестр/ИнфБзпЗИиЭВМ/Encrypt/MyFirstTest/bin/Release/MyFirstTest.DLL" adapterTypeName="Microsoft.VisualStudio.TestTools.TestTypes.Unit.UnitTestAdapter, Microsoft.VisualStudio.QualityTools.Tips.UnitTest.Adapter, Version=11.0.0.0, Culture=neutral, PublicKeyToken=b03f5f7f11d50a3a" className="MyFirstTest.UnitTest, MyFirstTest, Version=1.0.0.0, Culture=neutral, PublicKeyToken=null" name="TestCaesarDecrypt" />
    </UnitTest>
    <UnitTest name="TestCaesarEncryptError" storage="myfirsttest\bin\release\myfirsttest.dll" id="969d287e-d2bc-1f5d-5c02-46671c87a1e0">
      <Execution id="daa728cc-829b-460e-bd9c-73986378e0f5" />
      <TestMethod codeBase="D:/Учеба/Магистратура/2 семестр/ИнфБзпЗИиЭВМ/Encrypt/MyFirstTest/bin/Release/MyFirstTest.DLL" adapterTypeName="Microsoft.VisualStudio.TestTools.TestTypes.Unit.UnitTestAdapter, Microsoft.VisualStudio.QualityTools.Tips.UnitTest.Adapter, Version=11.0.0.0, Culture=neutral, PublicKeyToken=b03f5f7f11d50a3a" className="MyFirstTest.UnitTest, MyFirstTest, Version=1.0.0.0, Culture=neutral, PublicKeyToken=null" name="TestCaesarEncryptError" />
    </UnitTest>
    <UnitTest name="TestCaesarShiftError" storage="myfirsttest\bin\release\myfirsttest.dll" id="abe0c41d-7c50-80ac-d9a1-4a809ba81051">
      <Execution id="5eec01f1-167f-4f65-8fdb-f0bb09b31dfa" />
      <TestMethod codeBase="D:/Учеба/Магистратура/2 семестр/ИнфБзпЗИиЭВМ/Encrypt/MyFirstTest/bin/Release/MyFirstTest.DLL" adapterTypeName="Microsoft.VisualStudio.TestTools.TestTypes.Unit.UnitTestAdapter, Microsoft.VisualStudio.QualityTools.Tips.UnitTest.Adapter, Version=11.0.0.0, Culture=neutral, PublicKeyToken=b03f5f7f11d50a3a" className="MyFirstTest.UnitTest, MyFirstTest, Version=1.0.0.0, Culture=neutral, PublicKeyToken=null" name="TestCaesarShiftError" />
    </UnitTest>
    <UnitTest name="TestVijinerGetMatrixCharError" storage="myfirsttest\bin\release\myfirsttest.dll" id="ac0d450f-24d6-49b2-64ed-10be1dbb0121">
      <Execution id="7d1b1376-5281-4a8c-98d0-e2e099c6bd2d" />
      <TestMethod codeBase="D:/Учеба/Магистратура/2 семестр/ИнфБзпЗИиЭВМ/Encrypt/MyFirstTest/bin/Release/MyFirstTest.DLL" adapterTypeName="Microsoft.VisualStudio.TestTools.TestTypes.Unit.UnitTestAdapter, Microsoft.VisualStudio.QualityTools.Tips.UnitTest.Adapter, Version=11.0.0.0, Culture=neutral, PublicKeyToken=b03f5f7f11d50a3a" className="MyFirstTest.UnitTest, MyFirstTest, Version=1.0.0.0, Culture=neutral, PublicKeyToken=null" name="TestVijinerGetMatrixCharError" />
    </UnitTest>
    <UnitTest name="TestCaesarEncrypt" storage="myfirsttest\bin\release\myfirsttest.dll" id="91739421-f4ba-553a-e673-2d60c1537d24">
      <Execution id="9bf62320-c3aa-4ba4-b920-72748dea1a0a" />
      <TestMethod codeBase="D:/Учеба/Магистратура/2 семестр/ИнфБзпЗИиЭВМ/Encrypt/MyFirstTest/bin/Release/MyFirstTest.DLL" adapterTypeName="Microsoft.VisualStudio.TestTools.TestTypes.Unit.UnitTestAdapter, Microsoft.VisualStudio.QualityTools.Tips.UnitTest.Adapter, Version=11.0.0.0, Culture=neutral, PublicKeyToken=b03f5f7f11d50a3a" className="MyFirstTest.UnitTest, MyFirstTest, Version=1.0.0.0, Culture=neutral, PublicKeyToken=null" name="TestCaesarEncrypt" />
    </UnitTest>
  </TestDefinitions>
  <TestLists>
    <TestList name="Отсутствующие в списке результаты" id="8c84fa94-04c1-424b-9868-57a2d4851a1d" />
    <TestList name="Все загруженные результаты" id="19431567-8539-422a-85d7-44ee4e166bda" />
  </TestLists>
  <TestEntries>
    <TestEntry testId="ad17cc18-c559-4e9b-4092-ab23991aca01" executionId="afe95ba8-9d5f-4561-99f6-1dc16953d8e7" testListId="8c84fa94-04c1-424b-9868-57a2d4851a1d" />
    <TestEntry testId="91739421-f4ba-553a-e673-2d60c1537d24" executionId="9bf62320-c3aa-4ba4-b920-72748dea1a0a" testListId="8c84fa94-04c1-424b-9868-57a2d4851a1d" />
    <TestEntry testId="969d287e-d2bc-1f5d-5c02-46671c87a1e0" executionId="daa728cc-829b-460e-bd9c-73986378e0f5" testListId="8c84fa94-04c1-424b-9868-57a2d4851a1d" />
    <TestEntry testId="abe0c41d-7c50-80ac-d9a1-4a809ba81051" executionId="5eec01f1-167f-4f65-8fdb-f0bb09b31dfa" testListId="8c84fa94-04c1-424b-9868-57a2d4851a1d" />
    <TestEntry testId="ac0d450f-24d6-49b2-64ed-10be1dbb0121" executionId="7d1b1376-5281-4a8c-98d0-e2e099c6bd2d" testListId="8c84fa94-04c1-424b-9868-57a2d4851a1d" />
  </TestEntries>
  <Results>
    <UnitTestResult executionId="afe95ba8-9d5f-4561-99f6-1dc16953d8e7" testId="ad17cc18-c559-4e9b-4092-ab23991aca01" testName="TestCaesarDecrypt" computerName="ZVER" duration="00:00:00.0616590" startTime="2013-03-17T10:01:53.9400672+07:00" endTime="2013-03-17T10:01:54.1435534+07:00" testType="13cdc9d9-ddb5-4fa4-a97d-d965ccfc6d4b" outcome="Failed" testListId="8c84fa94-04c1-424b-9868-57a2d4851a1d" relativeResultsDirectory="afe95ba8-9d5f-4561-99f6-1dc16953d8e7">
      <Output>
        <ErrorInfo>
          <Message>Ошибка в Assert.AreEqual. Ожидается: &lt;bbbb&gt;. Фактически: &lt;bbcc&gt;. Не верны данные</Message>
          <StackTrace>   в MyFirstTest.UnitTest.TestCaesarDecrypt() в d:\Учеба\Магистратура\2 семестр\ИнфБзпЗИиЭВМ\Encrypt\MyFirstTest\UnitTest.cs:строка 41
</StackTrace>
        </ErrorInfo>
      </Output>
    </UnitTestResult>
    <UnitTestResult executionId="9bf62320-c3aa-4ba4-b920-72748dea1a0a" testId="91739421-f4ba-553a-e673-2d60c1537d24" testName="TestCaesarEncrypt" computerName="ZVER" duration="00:00:00.0001830" startTime="2013-03-17T10:01:54.1455537+07:00" endTime="2013-03-17T10:01:54.1475550+07:00" testType="13cdc9d9-ddb5-4fa4-a97d-d965ccfc6d4b" outcome="Passed" testListId="8c84fa94-04c1-424b-9868-57a2d4851a1d" relativeResultsDirectory="9bf62320-c3aa-4ba4-b920-72748dea1a0a">
    </UnitTestResult>
    <UnitTestResult executionId="daa728cc-829b-460e-bd9c-73986378e0f5" testId="969d287e-d2bc-1f5d-5c02-46671c87a1e0" testName="TestCaesarEncryptError" computerName="ZVER" duration="00:00:00.0004519" startTime="2013-03-17T10:01:54.1485559+07:00" endTime="2013-03-17T10:01:54.1525585+07:00" testType="13cdc9d9-ddb5-4fa4-a97d-d965ccfc6d4b" outcome="Passed" testListId="8c84fa94-04c1-424b-9868-57a2d4851a1d" relativeResultsDirectory="daa728cc-829b-460e-bd9c-73986378e0f5">
    </UnitTestResult>
    <UnitTestResult executionId="5eec01f1-167f-4f65-8fdb-f0bb09b31dfa" testId="abe0c41d-7c50-80ac-d9a1-4a809ba81051" testName="TestCaesarShiftError" computerName="ZVER" duration="00:00:00.0102810" startTime="2013-03-17T10:01:54.1535593+07:00" endTime="2013-03-17T10:01:54.1655673+07:00" testType="13cdc9d9-ddb5-4fa4-a97d-d965ccfc6d4b" outcome="Passed" testListId="8c84fa94-04c1-424b-9868-57a2d4851a1d" relativeResultsDirectory="5eec01f1-167f-4f65-8fdb-f0bb09b31dfa">
    </UnitTestResult>
    <UnitTestResult executionId="7d1b1376-5281-4a8c-98d0-e2e099c6bd2d" testId="ac0d450f-24d6-49b2-64ed-10be1dbb0121" testName="TestVijinerGetMatrixCharError" computerName="ZVER" duration="00:00:00.0006803" startTime="2013-03-17T10:01:54.1675690+07:00" endTime="2013-03-17T10:01:54.1695703+07:00" testType="13cdc9d9-ddb5-4fa4-a97d-d965ccfc6d4b" outcome="Passed" testListId="8c84fa94-04c1-424b-9868-57a2d4851a1d" relativeResultsDirectory="7d1b1376-5281-4a8c-98d0-e2e099c6bd2d">
    </UnitTestResult>
  </Results>
</TestRun>