<?xml version="1.0" encoding="UTF-8"?>
<TestRun id="2b1b5cca-928c-4687-abc3-137252a2e479" name="Maverick@ZVER 2013-03-21 08:42:29" runUser="ZVER\Maverick" xmlns="http://microsoft.com/schemas/VisualStudio/TeamTest/2010">
  <TestSettings name="Параметры тестирования по умолчанию" id="a82de11f-68d2-4237-a168-c53917931105">
    <Execution>
      <TestTypeSpecific />
      <AgentRule name="Execution Agents">
      </AgentRule>
    </Execution>
    <Deployment runDeploymentRoot="Maverick_ZVER 2013-03-21 08_42_29" />
  </TestSettings>
  <Times creation="2013-03-21T08:42:29.6069466+07:00" queuing="2013-03-21T08:42:29.8378306+07:00" start="2013-03-21T08:42:29.9046829+07:00" finish="2013-03-21T08:42:30.1474868+07:00" />
  <ResultSummary outcome="Completed">
    <Counters total="5" executed="5" passed="5" error="0" failed="0" timeout="0" aborted="0" inconclusive="0" passedButRunAborted="0" notRunnable="0" notExecuted="0" disconnected="0" warning="0" completed="0" inProgress="0" pending="0" />
  </ResultSummary>
  <TestDefinitions>
    <UnitTest name="TestCaesarDecrypt" storage="testbuildscript\myfirsttest.dll" id="ad17cc18-c559-4e9b-4092-ab23991aca01">
      <Execution id="d967e00c-a018-43a2-9859-117c8d5f58fb" />
      <TestMethod codeBase="D:/Учеба/Магистратура/2семестр/ИнфБзпЗИиЭВМ/Encrypt/TestBuildScript/MyFirstTest.DLL" adapterTypeName="Microsoft.VisualStudio.TestTools.TestTypes.Unit.UnitTestAdapter, Microsoft.VisualStudio.QualityTools.Tips.UnitTest.Adapter, Version=11.0.0.0, Culture=neutral, PublicKeyToken=b03f5f7f11d50a3a" className="MyFirstTest.UnitTest, MyFirstTest, Version=1.0.0.0, Culture=neutral, PublicKeyToken=null" name="TestCaesarDecrypt" />
    </UnitTest>
    <UnitTest name="TestCaesarEncryptError" storage="testbuildscript\myfirsttest.dll" id="969d287e-d2bc-1f5d-5c02-46671c87a1e0">
      <Execution id="228a3b82-63f4-4998-b50a-8941fc8d8964" />
      <TestMethod codeBase="D:/Учеба/Магистратура/2семестр/ИнфБзпЗИиЭВМ/Encrypt/TestBuildScript/MyFirstTest.DLL" adapterTypeName="Microsoft.VisualStudio.TestTools.TestTypes.Unit.UnitTestAdapter, Microsoft.VisualStudio.QualityTools.Tips.UnitTest.Adapter, Version=11.0.0.0, Culture=neutral, PublicKeyToken=b03f5f7f11d50a3a" className="MyFirstTest.UnitTest, MyFirstTest, Version=1.0.0.0, Culture=neutral, PublicKeyToken=null" name="TestCaesarEncryptError" />
    </UnitTest>
    <UnitTest name="TestCaesarShiftError" storage="testbuildscript\myfirsttest.dll" id="abe0c41d-7c50-80ac-d9a1-4a809ba81051">
      <Execution id="8e589ef4-d687-4479-8733-17d870fcab55" />
      <TestMethod codeBase="D:/Учеба/Магистратура/2семестр/ИнфБзпЗИиЭВМ/Encrypt/TestBuildScript/MyFirstTest.DLL" adapterTypeName="Microsoft.VisualStudio.TestTools.TestTypes.Unit.UnitTestAdapter, Microsoft.VisualStudio.QualityTools.Tips.UnitTest.Adapter, Version=11.0.0.0, Culture=neutral, PublicKeyToken=b03f5f7f11d50a3a" className="MyFirstTest.UnitTest, MyFirstTest, Version=1.0.0.0, Culture=neutral, PublicKeyToken=null" name="TestCaesarShiftError" />
    </UnitTest>
    <UnitTest name="TestVijinerGetMatrixCharError" storage="testbuildscript\myfirsttest.dll" id="ac0d450f-24d6-49b2-64ed-10be1dbb0121">
      <Execution id="e189763f-c314-421f-9e90-db1aae0e88f0" />
      <TestMethod codeBase="D:/Учеба/Магистратура/2семестр/ИнфБзпЗИиЭВМ/Encrypt/TestBuildScript/MyFirstTest.DLL" adapterTypeName="Microsoft.VisualStudio.TestTools.TestTypes.Unit.UnitTestAdapter, Microsoft.VisualStudio.QualityTools.Tips.UnitTest.Adapter, Version=11.0.0.0, Culture=neutral, PublicKeyToken=b03f5f7f11d50a3a" className="MyFirstTest.UnitTest, MyFirstTest, Version=1.0.0.0, Culture=neutral, PublicKeyToken=null" name="TestVijinerGetMatrixCharError" />
    </UnitTest>
    <UnitTest name="TestCaesarEncrypt" storage="testbuildscript\myfirsttest.dll" id="91739421-f4ba-553a-e673-2d60c1537d24">
      <Execution id="f3d69ce3-b4b4-4bcc-8f03-6602dcc97f81" />
      <TestMethod codeBase="D:/Учеба/Магистратура/2семестр/ИнфБзпЗИиЭВМ/Encrypt/TestBuildScript/MyFirstTest.DLL" adapterTypeName="Microsoft.VisualStudio.TestTools.TestTypes.Unit.UnitTestAdapter, Microsoft.VisualStudio.QualityTools.Tips.UnitTest.Adapter, Version=11.0.0.0, Culture=neutral, PublicKeyToken=b03f5f7f11d50a3a" className="MyFirstTest.UnitTest, MyFirstTest, Version=1.0.0.0, Culture=neutral, PublicKeyToken=null" name="TestCaesarEncrypt" />
    </UnitTest>
  </TestDefinitions>
  <TestLists>
    <TestList name="Отсутствующие в списке результаты" id="8c84fa94-04c1-424b-9868-57a2d4851a1d" />
    <TestList name="Все загруженные результаты" id="19431567-8539-422a-85d7-44ee4e166bda" />
  </TestLists>
  <TestEntries>
    <TestEntry testId="ad17cc18-c559-4e9b-4092-ab23991aca01" executionId="d967e00c-a018-43a2-9859-117c8d5f58fb" testListId="8c84fa94-04c1-424b-9868-57a2d4851a1d" />
    <TestEntry testId="91739421-f4ba-553a-e673-2d60c1537d24" executionId="f3d69ce3-b4b4-4bcc-8f03-6602dcc97f81" testListId="8c84fa94-04c1-424b-9868-57a2d4851a1d" />
    <TestEntry testId="969d287e-d2bc-1f5d-5c02-46671c87a1e0" executionId="228a3b82-63f4-4998-b50a-8941fc8d8964" testListId="8c84fa94-04c1-424b-9868-57a2d4851a1d" />
    <TestEntry testId="abe0c41d-7c50-80ac-d9a1-4a809ba81051" executionId="8e589ef4-d687-4479-8733-17d870fcab55" testListId="8c84fa94-04c1-424b-9868-57a2d4851a1d" />
    <TestEntry testId="ac0d450f-24d6-49b2-64ed-10be1dbb0121" executionId="e189763f-c314-421f-9e90-db1aae0e88f0" testListId="8c84fa94-04c1-424b-9868-57a2d4851a1d" />
  </TestEntries>
  <Results>
    <UnitTestResult executionId="d967e00c-a018-43a2-9859-117c8d5f58fb" testId="ad17cc18-c559-4e9b-4092-ab23991aca01" testName="TestCaesarDecrypt" computerName="ZVER" duration="00:00:00.0191690" startTime="2013-03-21T08:42:29.9246962+07:00" endTime="2013-03-21T08:42:30.0878241+07:00" testType="13cdc9d9-ddb5-4fa4-a97d-d965ccfc6d4b" outcome="Passed" testListId="8c84fa94-04c1-424b-9868-57a2d4851a1d" relativeResultsDirectory="d967e00c-a018-43a2-9859-117c8d5f58fb">
    </UnitTestResult>
    <UnitTestResult executionId="f3d69ce3-b4b4-4bcc-8f03-6602dcc97f81" testId="91739421-f4ba-553a-e673-2d60c1537d24" testName="TestCaesarEncrypt" computerName="ZVER" duration="00:00:00.0001579" startTime="2013-03-21T08:42:30.0898267+07:00" endTime="2013-03-21T08:42:30.0918307+07:00" testType="13cdc9d9-ddb5-4fa4-a97d-d965ccfc6d4b" outcome="Passed" testListId="8c84fa94-04c1-424b-9868-57a2d4851a1d" relativeResultsDirectory="f3d69ce3-b4b4-4bcc-8f03-6602dcc97f81">
    </UnitTestResult>
    <UnitTestResult executionId="228a3b82-63f4-4998-b50a-8941fc8d8964" testId="969d287e-d2bc-1f5d-5c02-46671c87a1e0" testName="TestCaesarEncryptError" computerName="ZVER" duration="00:00:00.0044976" startTime="2013-03-21T08:42:30.0938284+07:00" endTime="2013-03-21T08:42:30.0998324+07:00" testType="13cdc9d9-ddb5-4fa4-a97d-d965ccfc6d4b" outcome="Passed" testListId="8c84fa94-04c1-424b-9868-57a2d4851a1d" relativeResultsDirectory="228a3b82-63f4-4998-b50a-8941fc8d8964">
    </UnitTestResult>
    <UnitTestResult executionId="8e589ef4-d687-4479-8733-17d870fcab55" testId="abe0c41d-7c50-80ac-d9a1-4a809ba81051" testName="TestCaesarShiftError" computerName="ZVER" duration="00:00:00.0110614" startTime="2013-03-21T08:42:30.1008335+07:00" endTime="2013-03-21T08:42:30.1141506+07:00" testType="13cdc9d9-ddb5-4fa4-a97d-d965ccfc6d4b" outcome="Passed" testListId="8c84fa94-04c1-424b-9868-57a2d4851a1d" relativeResultsDirectory="8e589ef4-d687-4479-8733-17d870fcab55">
    </UnitTestResult>
    <UnitTestResult executionId="e189763f-c314-421f-9e90-db1aae0e88f0" testId="ac0d450f-24d6-49b2-64ed-10be1dbb0121" testName="TestVijinerGetMatrixCharError" computerName="ZVER" duration="00:00:00.0007472" startTime="2013-03-21T08:42:30.1161522+07:00" endTime="2013-03-21T08:42:30.1181532+07:00" testType="13cdc9d9-ddb5-4fa4-a97d-d965ccfc6d4b" outcome="Passed" testListId="8c84fa94-04c1-424b-9868-57a2d4851a1d" relativeResultsDirectory="e189763f-c314-421f-9e90-db1aae0e88f0">
    </UnitTestResult>
  </Results>
</TestRun>