<?xml version="1.0" encoding="UTF-8"?>
<TestRun id="cca61a54-2aea-493b-b7d2-80e0de8eb20f" name="Maverick@ZVER 2013-03-17 16:50:57" runUser="ZVER\Maverick" xmlns="http://microsoft.com/schemas/VisualStudio/TeamTest/2010">
  <TestSettings name="Параметры тестирования по умолчанию" id="e93d72c0-511d-4c1e-98a3-d005af3124a7">
    <Execution>
      <TestTypeSpecific />
      <AgentRule name="Execution Agents">
      </AgentRule>
    </Execution>
    <Deployment runDeploymentRoot="Maverick_ZVER 2013-03-17 16_50_57" />
  </TestSettings>
  <Times creation="2013-03-17T16:50:57.0088301+07:00" queuing="2013-03-17T16:50:57.2423932+07:00" start="2013-03-17T16:50:57.3039139+07:00" finish="2013-03-17T16:50:57.5590019+07:00" />
  <ResultSummary outcome="Completed">
    <Counters total="5" executed="5" passed="5" error="0" failed="0" timeout="0" aborted="0" inconclusive="0" passedButRunAborted="0" notRunnable="0" notExecuted="0" disconnected="0" warning="0" completed="0" inProgress="0" pending="0" />
  </ResultSummary>
  <TestDefinitions>
    <UnitTest name="TestCaesarDecrypt" storage="testbuildscript\myfirsttest.dll" id="ad17cc18-c559-4e9b-4092-ab23991aca01">
      <Execution id="a0ffdf5c-8d6f-4c3e-a5fd-160b4d0392b2" />
      <TestMethod codeBase="D:/Учеба/Магистратура/2семестр/ИнфБзпЗИиЭВМ/Encrypt/TestBuildScript/MyFirstTest.DLL" adapterTypeName="Microsoft.VisualStudio.TestTools.TestTypes.Unit.UnitTestAdapter, Microsoft.VisualStudio.QualityTools.Tips.UnitTest.Adapter, Version=11.0.0.0, Culture=neutral, PublicKeyToken=b03f5f7f11d50a3a" className="MyFirstTest.UnitTest, MyFirstTest, Version=1.0.0.0, Culture=neutral, PublicKeyToken=null" name="TestCaesarDecrypt" />
    </UnitTest>
    <UnitTest name="TestCaesarEncryptError" storage="testbuildscript\myfirsttest.dll" id="969d287e-d2bc-1f5d-5c02-46671c87a1e0">
      <Execution id="48667316-00b2-4777-a69a-e89968ff27bc" />
      <TestMethod codeBase="D:/Учеба/Магистратура/2семестр/ИнфБзпЗИиЭВМ/Encrypt/TestBuildScript/MyFirstTest.DLL" adapterTypeName="Microsoft.VisualStudio.TestTools.TestTypes.Unit.UnitTestAdapter, Microsoft.VisualStudio.QualityTools.Tips.UnitTest.Adapter, Version=11.0.0.0, Culture=neutral, PublicKeyToken=b03f5f7f11d50a3a" className="MyFirstTest.UnitTest, MyFirstTest, Version=1.0.0.0, Culture=neutral, PublicKeyToken=null" name="TestCaesarEncryptError" />
    </UnitTest>
    <UnitTest name="TestCaesarShiftError" storage="testbuildscript\myfirsttest.dll" id="abe0c41d-7c50-80ac-d9a1-4a809ba81051">
      <Execution id="47113bb8-a2c2-4d3e-a70d-ab3e1af5de14" />
      <TestMethod codeBase="D:/Учеба/Магистратура/2семестр/ИнфБзпЗИиЭВМ/Encrypt/TestBuildScript/MyFirstTest.DLL" adapterTypeName="Microsoft.VisualStudio.TestTools.TestTypes.Unit.UnitTestAdapter, Microsoft.VisualStudio.QualityTools.Tips.UnitTest.Adapter, Version=11.0.0.0, Culture=neutral, PublicKeyToken=b03f5f7f11d50a3a" className="MyFirstTest.UnitTest, MyFirstTest, Version=1.0.0.0, Culture=neutral, PublicKeyToken=null" name="TestCaesarShiftError" />
    </UnitTest>
    <UnitTest name="TestVijinerGetMatrixCharError" storage="testbuildscript\myfirsttest.dll" id="ac0d450f-24d6-49b2-64ed-10be1dbb0121">
      <Execution id="c5c5bcbd-0e3f-46d4-8f4e-b2a9d10aaf13" />
      <TestMethod codeBase="D:/Учеба/Магистратура/2семестр/ИнфБзпЗИиЭВМ/Encrypt/TestBuildScript/MyFirstTest.DLL" adapterTypeName="Microsoft.VisualStudio.TestTools.TestTypes.Unit.UnitTestAdapter, Microsoft.VisualStudio.QualityTools.Tips.UnitTest.Adapter, Version=11.0.0.0, Culture=neutral, PublicKeyToken=b03f5f7f11d50a3a" className="MyFirstTest.UnitTest, MyFirstTest, Version=1.0.0.0, Culture=neutral, PublicKeyToken=null" name="TestVijinerGetMatrixCharError" />
    </UnitTest>
    <UnitTest name="TestCaesarEncrypt" storage="testbuildscript\myfirsttest.dll" id="91739421-f4ba-553a-e673-2d60c1537d24">
      <Execution id="78d6e832-3bb1-49f9-806a-47acb71d455e" />
      <TestMethod codeBase="D:/Учеба/Магистратура/2семестр/ИнфБзпЗИиЭВМ/Encrypt/TestBuildScript/MyFirstTest.DLL" adapterTypeName="Microsoft.VisualStudio.TestTools.TestTypes.Unit.UnitTestAdapter, Microsoft.VisualStudio.QualityTools.Tips.UnitTest.Adapter, Version=11.0.0.0, Culture=neutral, PublicKeyToken=b03f5f7f11d50a3a" className="MyFirstTest.UnitTest, MyFirstTest, Version=1.0.0.0, Culture=neutral, PublicKeyToken=null" name="TestCaesarEncrypt" />
    </UnitTest>
  </TestDefinitions>
  <TestLists>
    <TestList name="Отсутствующие в списке результаты" id="8c84fa94-04c1-424b-9868-57a2d4851a1d" />
    <TestList name="Все загруженные результаты" id="19431567-8539-422a-85d7-44ee4e166bda" />
  </TestLists>
  <TestEntries>
    <TestEntry testId="ad17cc18-c559-4e9b-4092-ab23991aca01" executionId="a0ffdf5c-8d6f-4c3e-a5fd-160b4d0392b2" testListId="8c84fa94-04c1-424b-9868-57a2d4851a1d" />
    <TestEntry testId="91739421-f4ba-553a-e673-2d60c1537d24" executionId="78d6e832-3bb1-49f9-806a-47acb71d455e" testListId="8c84fa94-04c1-424b-9868-57a2d4851a1d" />
    <TestEntry testId="969d287e-d2bc-1f5d-5c02-46671c87a1e0" executionId="48667316-00b2-4777-a69a-e89968ff27bc" testListId="8c84fa94-04c1-424b-9868-57a2d4851a1d" />
    <TestEntry testId="abe0c41d-7c50-80ac-d9a1-4a809ba81051" executionId="47113bb8-a2c2-4d3e-a70d-ab3e1af5de14" testListId="8c84fa94-04c1-424b-9868-57a2d4851a1d" />
    <TestEntry testId="ac0d450f-24d6-49b2-64ed-10be1dbb0121" executionId="c5c5bcbd-0e3f-46d4-8f4e-b2a9d10aaf13" testListId="8c84fa94-04c1-424b-9868-57a2d4851a1d" />
  </TestEntries>
  <Results>
    <UnitTestResult executionId="a0ffdf5c-8d6f-4c3e-a5fd-160b4d0392b2" testId="ad17cc18-c559-4e9b-4092-ab23991aca01" testName="TestCaesarDecrypt" computerName="ZVER" duration="00:00:00.0201798" startTime="2013-03-17T16:50:57.3315524+07:00" endTime="2013-03-17T16:50:57.4985042+07:00" testType="13cdc9d9-ddb5-4fa4-a97d-d965ccfc6d4b" outcome="Passed" testListId="8c84fa94-04c1-424b-9868-57a2d4851a1d" relativeResultsDirectory="a0ffdf5c-8d6f-4c3e-a5fd-160b4d0392b2">
    </UnitTestResult>
    <UnitTestResult executionId="78d6e832-3bb1-49f9-806a-47acb71d455e" testId="91739421-f4ba-553a-e673-2d60c1537d24" testName="TestCaesarEncrypt" computerName="ZVER" duration="00:00:00.0001731" startTime="2013-03-17T16:50:57.5005055+07:00" endTime="2013-03-17T16:50:57.5025068+07:00" testType="13cdc9d9-ddb5-4fa4-a97d-d965ccfc6d4b" outcome="Passed" testListId="8c84fa94-04c1-424b-9868-57a2d4851a1d" relativeResultsDirectory="78d6e832-3bb1-49f9-806a-47acb71d455e">
    </UnitTestResult>
    <UnitTestResult executionId="48667316-00b2-4777-a69a-e89968ff27bc" testId="969d287e-d2bc-1f5d-5c02-46671c87a1e0" testName="TestCaesarEncryptError" computerName="ZVER" duration="00:00:00.0050597" startTime="2013-03-17T16:50:57.5035080+07:00" endTime="2013-03-17T16:50:57.5105122+07:00" testType="13cdc9d9-ddb5-4fa4-a97d-d965ccfc6d4b" outcome="Passed" testListId="8c84fa94-04c1-424b-9868-57a2d4851a1d" relativeResultsDirectory="48667316-00b2-4777-a69a-e89968ff27bc">
    </UnitTestResult>
    <UnitTestResult executionId="47113bb8-a2c2-4d3e-a70d-ab3e1af5de14" testId="abe0c41d-7c50-80ac-d9a1-4a809ba81051" testName="TestCaesarShiftError" computerName="ZVER" duration="00:00:00.0107018" startTime="2013-03-17T16:50:57.5125138+07:00" endTime="2013-03-17T16:50:57.5255226+07:00" testType="13cdc9d9-ddb5-4fa4-a97d-d965ccfc6d4b" outcome="Passed" testListId="8c84fa94-04c1-424b-9868-57a2d4851a1d" relativeResultsDirectory="47113bb8-a2c2-4d3e-a70d-ab3e1af5de14">
    </UnitTestResult>
    <UnitTestResult executionId="c5c5bcbd-0e3f-46d4-8f4e-b2a9d10aaf13" testId="ac0d450f-24d6-49b2-64ed-10be1dbb0121" testName="TestVijinerGetMatrixCharError" computerName="ZVER" duration="00:00:00.0006882" startTime="2013-03-17T16:50:57.5265231+07:00" endTime="2013-03-17T16:50:57.5295259+07:00" testType="13cdc9d9-ddb5-4fa4-a97d-d965ccfc6d4b" outcome="Passed" testListId="8c84fa94-04c1-424b-9868-57a2d4851a1d" relativeResultsDirectory="c5c5bcbd-0e3f-46d4-8f4e-b2a9d10aaf13">
    </UnitTestResult>
  </Results>
</TestRun>